SELECT "ORDER_ID"
FROM "DEFAULT"."TEST_KYLIN_FACT"
GROUP BY SUBSTRING(CASE WHEN "LSTG_FORMAT_NAME" IS NOT NULL THEN "LSTG_FORMAT_NAME" ELSE '888888888888' END FROM 1 FOR 1), "ORDER_ID"